// Jest Snapshot v1, https://goo.gl/fbAQLP

exports[`test FirsApp should make match with the snapshot 1`] = `
<div>
  <h2>
    First App 
    hello2
  </h2>
  <h3>
    nice App
  </h3>
  <h3>
    very nice App
  </h3>
</div>
`;

exports[`test FirsApp should make match with the snapshot 2`] = `
<div>
  <h2>
    First App 
    hello2
  </h2>
  <h3>
    nice App
  </h3>
  <h3>
    very nice App
  </h3>
</div>
`;

exports[`test FirsApp should show the title  1`] = `
<div>
  <h2>
    First App 
    hello2
  </h2>
  <h3>
    nice App
  </h3>
  <h3>
    very nice App
  </h3>
</div>
`;

exports[`test FirsApp should show the title in a H1 1`] = `
<div>
  <h2>
    First App 
    hello2
  </h2>
  <h3>
    nice App
  </h3>
  <h3>
    very nice App
  </h3>
</div>
`;
